Test cases for 2-matrix_divided module
===================================

The 2-matrix_divided returns the result of a matrix divided by a scalar

Usage
=====

>>> matrix_divided = __import__('2-matrix_divided').matrix_divided

>>> matrix = [[1, 2, 3], [4, 5, -6], [7, 8, -9]]
>>> print(matrix_divided(matrix, 2),
...       matrix, sep='\n')
[[0.5, 1.0, 1.5], [2.0, 2.5, -3.0], [3.5, 4.0, -4.5]]
[[1, 2, 3], [4, 5, -6], [7, 8, -9]]

>>> matrix = [[1, 2, 3], [-4, 5, 6], [7, -8, 9]]
>>> print(matrix_divided(matrix, -2),
...       matrix, sep='\n')
[[-0.5, -1.0, -1.5], [2.0, -2.5, -3.0], [-3.5, 4.0, -4.5]]
[[1, 2, 3], [-4, 5, 6], [7, -8, 9]]

>>> matrix = [[1, 2, 3], [4, 5, -6], [7, 8, -9]]
>>> print(matrix_divided(matrix, 3),
...       matrix, sep='\n')
[[0.33, 0.67, 1.0], [1.33, 1.67, -2.0], [2.33, 2.67, -3.0]]
[[1, 2, 3], [4, 5, -6], [7, 8, -9]]

>>> matrix = [[1, 2, 3], [4, 5]]
>>> print(matrix_divided(matrix, 2),
...       matrix, sep='\n')
Traceback (most recent call last):
TypeError: Each row of the matrix must have the same size


>>> matrix = [[1, 2, 3], [4, 5, 6, 7]]
>>> print(matrix_divided(matrix, 2),
...       matrix, sep='\n')
Traceback (most recent call last):
TypeError: Each row of the matrix must have the same size

>>> matrix = [[1, 2, 3], [4, 5, 6]]
>>> print(matrix_divided(matrix, None))
Traceback (most recent call last):
TypeError: div must be a number
